01-20 22:45:54.658   569   569 W libbinder.IPCThreadState: Sending oneway calls to frozen process.
01-20 22:45:54.658   569   569 W libbinder.IPCThreadState: Sending oneway calls to frozen process.
01-20 22:45:54.661   695  1114 I ActivityTaskManager: START u0 {act=android.intent.action.MAIN cat=[android.intent.category.LAUNCHER] flg=0x10200000 cmp=com.subscription.poc/.MainActivity} with LAUNCH_MULTIPLE from uid 2000 (com.android.shell) (BAL_ALLOW_PERMISSION) result code=0
01-20 22:45:54.666  1172  1172 D BaseActivity: Launcher flags updated: [state_started|state_resumed|state_deferred_resumed|state_window_focused] -[state_user_active]
01-20 22:45:54.666  1172  1172 D BaseActivity: Launcher flags updated: [state_started|state_window_focused] -[state_resumed|state_deferred_resumed]
01-20 22:45:54.666  1172  1172 W SplitSelectStateCtor: Missing session instanceIds
01-20 22:45:54.666  1172  1172 D StatsLog: LAUNCHER_SPLIT_SELECTION_EXIT_INTERRUPTED
01-20 22:45:54.667   695  1866 V WindowManager: Defer transition id=26 for TaskFragmentTransaction=android.os.Binder@ac39ad9
01-20 22:45:54.668  6142  6196 D WindowOnBackDispatcher: setTopOnBackInvokedCallback (unwrapped): android.view.ViewRootImpl$$ExternalSyntheticLambda12@669d2c3
01-20 22:45:54.668   695  1866 V WindowManager: deferTransitionReady deferReadyDepth=1 stack=com.android.server.wm.TransitionController.deferTransitionReady:1061 com.android.server.wm.TaskFragmentOrganizerController$TaskFragmentOrganizerState.dispatchTransaction:517 com.android.server.wm.TaskFragmentOrganizerController.dispatchPendingEvents:1259 com.android.server.wm.TaskFragmentOrganizerController.dispatchPendingEvents:1228 com.android.server.wm.RootWindowContainer.performSurfacePlacement:777 
01-20 22:45:54.668   695   758 V GrammaticalInflectionUtils: AttributionSource: android.content.AttributionSource@9197638e does not have READ_SYSTEM_GRAMMATICAL_GENDER permission.
01-20 22:45:54.669  1172  1172 D RecentsView: onTaskDisplayChanged: 25, new displayId = 0
01-20 22:45:54.669   695  1582 V WindowManager: Continue transition id=26 for TaskFragmentTransaction=android.os.Binder@ac39ad9
01-20 22:45:54.670   695  1582 V WindowManager: continueTransitionReady deferReadyDepth=0 stack=com.android.server.wm.TransitionController.continueTransitionReady:1071 com.android.server.wm.TaskFragmentOrganizerController$TaskFragmentOrganizerState.onTransactionFinished:546 com.android.server.wm.TaskFragmentOrganizerController.onTransactionHandled:740 android.window.ITaskFragmentOrganizerController$Stub.onTransact:225 android.os.Binder.execTransactInternal:1473 
01-20 22:45:54.674   467   467 D Zygote  : Forked child process 7615
01-20 22:45:54.674   695   820 D CoreBackPreview: Window{8869d52 u0 Splash Screen com.subscription.poc}: Setting back callback OnBackInvokedCallbackInfo{mCallback=android.window.IOnBackInvokedCallback$Stub$Proxy@b4d3c9e, mPriority=0, mIsAnimationCallback=false, mOverrideBehavior=0}
01-20 22:45:54.674   695   953 D BackgroundInstallControlService: Package event received: 0
01-20 22:45:54.676  6142  6183 V WindowManagerShell: Transition requested (#26): android.os.BinderProxy@5cba76c TransitionRequestInfo { type = OPEN, triggerTask = TaskInfo{userId=0 taskId=25 effectiveUid=10218 displayId=0 isRunning=true baseIntent=Intent { act=android.intent.action.MAIN cat=[android.intent.category.LAUNCHER] flg=0x10200000 cmp=com.subscription.poc/.MainActivity } baseActivity=ComponentInfo{com.subscription.poc/com.subscription.poc.MainActivity} topActivity=ComponentInfo{com.subscription.poc/com.subscription.poc.MainActivity} origActivity=null realActivity=ComponentInfo{com.subscription.poc/com.subscription.poc.MainActivity} numActivities=1 lastActiveTime=153345776 supportsMultiWindow=true resizeMode=1 isResizeable=true minWidth=-1 minHeight=-1 defaultMinSize=220 token=WCT{android.os.BinderProxy@e416135} topActivityType=1 pictureInPictureParams=null shouldDockBigOverlays=false launchIntoPipHostTaskId=-1 lastParentTaskIdBeforePip=-1 displayCutoutSafeInsets=Rect(0, 0 - 0, 0) topActivityInfo=ActivityInfo{172b9ca com.subscription.poc.MainActivity} launchCookies=[] positionInParent=Point(0, 0) parentTaskId=-1 isFocused=false isVisible=false isVisibleRequested=false isTopActivityNoDisplay=false isSleeping=false locusId=null displayAreaFeatureId=1 isTopActivityTransparent=false isActivityStackTransparent=false lastNonFullscreenBounds=null capturedLink=null capturedLinkTimestamp=0 requestedVisibleTypes=503 topActivityRequestOpenInBrowserEducationTimestamp=0 appCompatTaskInfo=AppCompatTaskInfo { topActivityInSizeCompat=false isLeafTask= true eligibleForLetterboxEducation= false isLetterboxEducationEnabled= true isLetterboxDoubleTapEnabled= false eligibleForUserAspectRatioButton= false topActivityBoundsLetterboxed= false isFromLetterboxDoubleTap= false topActivityLetterboxVerticalPosition= -1 topActivityLetterboxHorizontalPosition= -1 topActivityLetterboxWidth=-1 topActivityLetterboxHeight=-1 topActivityAppBounds=Rect(0, 0 - 1080, 2400) isUserFullscreenOverrideEnabled=false isSystemFullscreenOverrideEnabled=false hasMinAspectRatioOverride=false topActivityLetterboxBounds=null cameraCompatTaskInfo=CameraCompatTaskInfo { cameraCompatMode=inactive0} topNonResizableActivityAspectRatio=-1.0} topActivityMainWindowFrame=null isAppBubble=false}, pipChange = null, remoteTransition = null, displayChange = null, requestedLocation = null, userChange = null, windowingLayerChange = null, flags = 0, debugId = 26 }
01-20 22:45:54.676  6142  6183 D ShellSplitScreen: logExit: no-op, mLoggerSessionId is null
01-20 22:45:54.676  7595  7595 I Monkey  : Events injected: 1
01-20 22:45:54.683  6142  6183 D WindowManagerShell: setLauncherKeepClearAreaHeight: visible=false, height=495
01-20 22:45:54.689  1172  1172 D b/417220811: invalidateLoadedTasks - previous requestLoadId: -1
01-20 22:45:54.689  1172  1172 D b/417220811: invalidateLoadedTasks - previous requestLoadId: -1
01-20 22:45:54.689   695   766 I ActivityManager: Start proc 7615:com.subscription.poc/u0a218 for next-top-activity {com.subscription.poc/com.subscription.poc.MainActivity}
01-20 22:45:54.690  7595  7595 I Monkey  : ## Network stats: elapsed time=46ms (0ms mobile, 0ms wifi, 46ms not connected)
01-20 22:45:54.690  7595  7595 I app_process: System.exit called, status: 0
01-20 22:45:54.691  7595  7595 I AndroidRuntime: VM exiting with result code 0.
01-20 22:45:54.693  6142  6183 V ShellTaskOrganizer: Task appeared taskId=25 listener=FullscreenTaskListener
01-20 22:45:54.693  6142  6183 V ShellTaskOrganizer: Fullscreen Task Appeared: #25
01-20 22:45:54.693  1172  1172 D b/417220811: invalidateLoadedTasks - previous requestLoadId: -1
01-20 22:45:54.693   695   755 V WindowManager: Sent Transition (#26) createdAt=01-20 22:45:54.651 via request=TransitionRequestInfo { type = OPEN, triggerTask = TaskInfo{userId=0 taskId=25 effectiveUid=10218 displayId=0 isRunning=true baseIntent=Intent { act=android.intent.action.MAIN cat=[android.intent.category.LAUNCHER] flg=0x10200000 cmp=com.subscription.poc/.MainActivity } baseActivity=ComponentInfo{com.subscription.poc/com.subscription.poc.MainActivity} topActivity=ComponentInfo{com.subscription.poc/com.subscription.poc.MainActivity} origActivity=null realActivity=ComponentInfo{com.subscription.poc/com.subscription.poc.MainActivity} numActivities=1 lastActiveTime=153345776 supportsMultiWindow=true resizeMode=1 isResizeable=true minWidth=-1 minHeight=-1 defaultMinSize=220 token=WCT{RemoteToken{d200377 Task{bfb9ac6 #25 type=standard A=10218:com.subscription.poc}}} topActivityType=1 pictureInPictureParams=null shouldDockBigOverlays=false launchIntoPipHostTaskId=-1 lastParentTaskIdBeforePip=-1 displayCutoutSafeInsets=Rect(0, 0 - 0, 0) topActivityInfo=ActivityInfo{cb9ebe4 com.subscription.poc.MainActivity} launchCookies=[] positionInParent=Point(0, 0) parentTaskId=-1 isFocused=false isVisible=false isVisibleRequested=false isTopActivityNoDisplay=false isSleeping=false locusId=null displayAreaFeatureId=1 isTopActivityTransparent=false isActivityStackTransparent=false lastNonFullscreenBounds=null capturedLink=null capturedLinkTimestamp=0 requestedVisibleTypes=503 topActivityRequestOpenInBrowserEducationTimestamp=0 appCompatTaskInfo=AppCompatTaskInfo { topActivityInSizeCompat=false isLeafTask= true eligibleForLetterboxEducation= false isLetterboxEducationEnabled= true isLetterboxDoubleTapEnabled= false eligibleForUserAspectRatioButton= false topActivityBoundsLetterboxed= false isFromLetterboxDoubleTap= false topActivityLetterboxVerticalPosition= -1 topActivityLetterboxHorizontalPosition= -1 topActivityLetterboxWidth=-1 topActivityLetterboxHeight=-1 topActivityAppBounds=Rect(0, 0 - 1080, 2400) isUserFullscreenOverrideEnabled=false isSystemFullscreenOverrideEnabled=false hasMinAspectRatioOverride=false topActivityLetterboxBounds=null cameraCompatTaskInfo=CameraCompatTaskInfo { cameraCompatMode=inactive0} topNonResizableActivityAspectRatio=-1.0} topActivityMainWindowFrame=null isAppBubble=false}, pipChange = null, remoteTransition = null, displayChange = null, requestedLocation = null, userChange = null, windowingLayerChange = null, flags = 0, debugId = 26 }
01-20 22:45:54.693   695   755 V WindowManager:     startWCT=WindowContainerTransaction { changes= {} hops= [] errorCallbackToken=null taskFragmentOrganizer=null }
01-20 22:45:54.693   695   755 V WindowManager:     info={id=26 t=OPEN f=0x0 trk=0 r=[0@Point(0, 0)] c=[
01-20 22:45:54.693   695   755 V WindowManager:         {WCT{RemoteToken{d200377 Task{bfb9ac6 #25 type=standard A=10218:com.subscription.poc}}} m=OPEN f=NONE leash=Surface(name=Task=25#307)/@0x64a0b95 sb=Rect(0, 0 - 1080, 2400) eb=Rect(0, 0 - 1080, 2400) epz=Point(1080, 2400) d=0 taskParent=-1 winMode=1 userId=0},
01-20 22:45:54.693   695   755 V WindowManager:         {WCT{RemoteToken{57ffdfd Task{7b051ad #1 type=home}}} m=TO_BACK f=SHOW_WALLPAPER leash=Surface(name=Task=1#120)/@0x9b48e90 sb=Rect(0, 0 - 1080, 2400) eb=Rect(0, 0 - 1080, 2400) epz=Point(1080, 2400) d=0 taskParent=-1 winMode=1 userId=0},
01-20 22:45:54.693   695   755 V WindowManager:         {m=TO_BACK f=IS_WALLPAPER leash=Surface(name=WallpaperWindowToken{4a5cfa2}#70)/@0xba236d5 sb=Rect(0, 0 - 1080, 2400) eb=Rect(0, 0 - 1080, 2400) epz=Point(1080, 2400) d=0}
01-20 22:45:54.693   695   755 V WindowManager:     ]}
01-20 22:45:54.693  6142  7616 V WindowManagerShell: onTransitionReady(transaction=2985002272879)
01-20 22:45:54.694  6142  6183 V WindowManagerShell: onTransitionReady (#26) android.os.BinderProxy@5cba76c: {id=26 t=OPEN f=0x0 trk=0 r=[0@Point(0, 0)] c=[
01-20 22:45:54.694  6142  6183 V WindowManagerShell:         {m=OPEN f=NONE leash=Surface(name=Task=25#307)/@0xfeaa896 sb=Rect(0, 0 - 1080, 2400) eb=Rect(0, 0 - 1080, 2400) epz=Point(1080, 2400) d=0 taskParent=-1 winMode=1 userId=0},
01-20 22:45:54.694  6142  6183 V WindowManagerShell:         {m=TO_BACK f=SHOW_WALLPAPER leash=Surface(name=Task=1#120)/@0x4bac17 sb=Rect(0, 0 - 1080, 2400) eb=Rect(0, 0 - 1080, 2400) epz=Point(1080, 2400) d=0 taskParent=-1 winMode=1 userId=0},
01-20 22:45:54.694  6142  6183 V WindowManagerShell:         {m=TO_BACK f=IS_WALLPAPER leash=Surface(name=WallpaperWindowToken{4a5cfa2}#70)/@0xf717804 sb=Rect(0, 0 - 1080, 2400) eb=Rect(0, 0 - 1080, 2400) epz=Point(1080, 2400) d=0}
01-20 22:45:54.694  6142  6183 V WindowManagerShell:     ]}
01-20 22:45:54.694  6142  6183 V WindowManagerShell: Transition (#26) android.os.BinderProxy@5cba76c@0 ready while (#25) android.os.BinderProxy@9885a5e@0 is still animating. Notify the animating transition in case they can be merged
01-20 22:45:54.699  1172  1172 D BaseActivity: Launcher flags updated: [state_started] -[state_window_focused]
01-20 22:45:54.700  6142  6183 V WindowManagerShell: Transition animation finished (aborted=false), notifying core (#25) android.os.BinderProxy@9885a5e@0
01-20 22:45:54.700  5038  5038 D VRI[LockToPortraitUiBuilderHostActivity]: visibilityChanged oldVisibility=true newVisibility=false
01-20 22:45:54.700  6142  6183 V WindowManagerShell: Playing animation for (#26) android.os.BinderProxy@5cba76c@0
01-20 22:45:54.700  6142  6183 V ShellRecents: RecentsTransitionHandler.startAnimation: no controller found
01-20 22:45:54.700  6142  6183 V WindowManagerShell: Transition doesn't have explicit remote, search filters for match for {id=26 t=OPEN f=0x0 trk=0 r=[0@Point(0, 0)] c=[{m=OPEN f=NONE leash=Surface(name=Task=25#307)/@0xfeaa896 sb=Rect(0, 0 - 1080, 2400) eb=Rect(0, 0 - 1080, 2400) epz=Point(1080, 2400) d=0 taskParent=-1 winMode=1 userId=0},{m=TO_BACK f=SHOW_WALLPAPER leash=Surface(name=Task=1#120)/@0x4bac17 sb=Rect(0, 0 - 1080, 2400) eb=Rect(0, 0 - 1080, 2400) epz=Point(1080, 2400) d=0 taskParent=-1 winMode=1 userId=0},{m=TO_BACK f=IS_WALLPAPER leash=Surface(name=WallpaperWindowToken{4a5cfa2}#70)/@0xf717804 sb=Rect(0, 0 - 1080, 2400) eb=Rect(0, 0 - 1080, 2400) epz=Point(1080, 2400) d=0}]}
01-20 22:45:54.700  6142  6183 V WindowManagerShell:  Checking filter Pair{{types=[] flags=0x0] notFlags=0x0 checks=[{atype=undefined independent=true modes=[CLOSE,TO_BACK] flags=IN_TASK_WITH_EMBEDDED_ACTIVITY mustBeTask=false order=ANY topActivity=null launchCookie=null taskFragmentToken=android.os.BinderProxy@b62979a windowingMode=undefined isCrossDisplayMove=false}]} RemoteTransition { remoteTransition = android.window.IRemoteTransition$Stub$Proxy@e47a8cb, appThread = android.app.IApplicationThread$Stub$Proxy@1f2e8a8, debugName = overlayBackTransition }}
01-20 22:45:54.701  6142  6183 V WindowManagerShell:  Checking filter Pair{{types=[] flags=0x0] notFlags=0x0 checks=[{atype=dream independent=true modes=[OPEN,TO_FRONT] flags=NONE mustBeTask=false order=ANY topActivity=null launchCookie=null windowingMode=undefined isCrossDisplayMove=false},{atype=home independent=true modes=[CLOSE,TO_BACK] flags=NONE mustBeTask=false order=ANY topActivity=null launchCookie=null windowingMode=undefined isCrossDisplayMove=false}]} RemoteTransition { remoteTransition = android.window.IRemoteTransition$Stub$Proxy@1406fc1, appThread = android.app.IApplicationThread$Stub$Proxy@ac29366, debugName = LauncherToDream }}
01-20 22:45:54.701  6142  6183 V WindowManagerShell:  Checking filter Pair{{types=[] flags=0x0] notFlags=0x100 checks=[{atype=home independent=true modes=[OPEN,TO_FRONT] flags=NONE mustBeTask=false order=TOP topActivity=ComponentInfo{com.google.android.apps.nexuslauncher/com.google.android.apps.nexuslauncher.NexusLauncherActivity} launchCookie=null windowingMode=undefined isCrossDisplayMove=false},{atype=standard independent=true modes=[CLOSE,TO_BACK] flags=NONE mustBeTask=false order=ANY topActivity=null launchCookie=null windowingMode=undefined isCrossDisplayMove=false},{NOT atype=undefined independent=true modes=[] flags=NONE mustBeTask=true order=ANY topActivity=null launchCookie=null customAnim=true windowingMode=undefined isCrossDisplayMove=false}]} RemoteTransition { remoteTransition = android.window.IRemoteTransition$Stub$Proxy@4a606a7, appThread = android.app.IApplicationThread$Stub$Proxy@ce1e754, debugName = QuickstepLaunchHome }}
01-20 22:45:54.701  6142  6183 V WindowManagerShell:  Delegate animation for (#26) to null
01-20 22:45:54.701  6142  6183 V WindowManagerShell: start default transition animation, info = {id=26 t=OPEN f=0x0 trk=0 r=[0@Point(0, 0)] c=[{m=OPEN f=NONE leash=Surface(name=Task=25#307)/@0xfeaa896 sb=Rect(0, 0 - 1080, 2400) eb=Rect(0, 0 - 1080, 2400) epz=Point(1080, 2400) d=0 taskParent=-1 winMode=1 userId=0},{m=TO_BACK f=SHOW_WALLPAPER leash=Surface(name=Task=1#120)/@0x4bac17 sb=Rect(0, 0 - 1080, 2400) eb=Rect(0, 0 - 1080, 2400) epz=Point(1080, 2400) d=0 taskParent=-1 winMode=1 userId=0},{m=TO_BACK f=IS_WALLPAPER leash=Surface(name=WallpaperWindowToken{4a5cfa2}#70)/@0xf717804 sb=Rect(0, 0 - 1080, 2400) eb=Rect(0, 0 - 1080, 2400) epz=Point(1080, 2400) d=0}]}
01-20 22:45:54.701  6142  6183 V WindowManagerShell: loadAnimation: anim=android.view.animation.AnimationSet@54f2b3 animAttr=0x13 type=OPEN isEntrance=false
01-20 22:45:54.701  6142  6183 V WindowManagerShell: loadAnimation: anim=android.view.animation.AnimationSet@aa2070f animAttr=0x12 type=OPEN isEntrance=true
01-20 22:45:54.701  6142  6183 V WindowManagerShell:  animated by com.android.wm.shell.transition.DefaultTransitionHandler@251d35
01-20 22:45:54.701   695   755 V WindowManager: Finish Transition (#25): created at 01-20 22:45:54.318 collect-started=0.011ms request-sent=0.047ms started=4.768ms ready=25.364ms sent=37.645ms commit=118.469ms finished=381.735ms
01-20 22:45:54.709  7615  7615 I Zygote  : Process 7615 created for com.subscription.poc
01-20 22:45:54.709  7615  7615 I ubscription.poc: Late-enabling -Xcheck:jni
01-20 22:45:54.714  2356  7484 I NetworkScheduler: (REDACTED) Error inserting %s
01-20 22:45:54.718  5038  6528 D HWUI    : endAllActiveAnimators on 0xb40000756a238170 (RippleDrawable) with handle 0xb4000076da28d730
01-20 22:45:54.737  7615  7615 I ubscription.poc: Using CollectorTypeCMC GC.
01-20 22:45:54.737   695   856 I EventHub: Removing device Monkey touch due to epoll hang-up event.
01-20 22:45:54.737   695   856 I EventHub: Removed device: path=/dev/input/event13 name=Monkey touch id=17 fd=536 classes=TOUCH | TOUCH_MT
01-20 22:45:54.739   695   856 I InputReader: Device removed: id=17, eventHubId=17, name='Monkey touch', descriptor='e1fe28b90f915c7d1febbd52c1ef84b3c4cbed9f', sources=TOUCHSCREEN
01-20 22:45:54.742   695   856 I EventHub: Removing device '/dev/input/event13' due to inotify event
01-20 22:45:54.748   695   758 D WindowManager: Direct invocation of sendNewConfiguration: Display{#0 state=ON size=1080x2400 ROTATION_0}
01-20 22:45:54.748   695   758 W libbinder.IPCThreadState: Sending oneway calls to frozen process.
01-20 22:45:54.750   544   562 I adbd    : jdwp connection from 7615
01-20 22:45:54.759   695   758 W PermissionService: getPermissionFlags: Unknown user -1
01-20 22:45:54.759  1370  1370 I PkDeviceHelper: PkDeviceHelper.refreshDevices():87 refreshing devices
01-20 22:45:54.759  1370  1370 I PkDeviceHelper: PkDeviceHelper.addDevice():125 device qwerty2 added
01-20 22:45:54.759   695   758 W PermissionService: getPermissionFlags: Unknown user -1
01-20 22:45:54.773  1172  1172 D b/417220811: invalidateLoadedTasks - previous requestLoadId: -1
01-20 22:45:54.777  7615  7615 D nativeloader: Load libframework-connectivity-tiramisu-jni.so using APEX ns com_android_tethering for caller /apex/com.android.tethering/javalib/framework-connectivity-t.jar: ok
01-20 22:45:54.788  6142  6142 D NavigationModeController: getCurrentUserContext: contextUser=0 currentUser=0
01-20 22:45:54.804   695   953 D BackgroundInstallControlService: Package event received: 0
01-20 22:45:54.972  4258  4400 W AiAiEcho: LyftNotificationParser Ridesharing ETA not enabled
01-20 22:45:54.972  4258  4400 I AiAiEcho: SmartspaceNotificationPredictor no parser can handle this notification or notification is invalid
01-20 22:45:55.014  6142  6183 V WindowManagerShell: Transition animation finished (aborted=false), notifying core (#26) android.os.BinderProxy@5cba76c@0
01-20 22:45:55.014   695   755 V WindowManager: Finish Transition (#26): created at 01-20 22:45:54.651 collect-started=0.007ms request-sent=8.098ms started=25.532ms ready=40.053ms sent=40.461ms commit=21.773ms finished=362.991ms
01-20 22:45:55.015  1172  1172 D VRI[NexusLauncherActivity]: visibilityChanged oldVisibility=true newVisibility=false
01-20 22:45:55.015  6142  6183 V WindowManagerShell: Track 0 became idle
01-20 22:45:55.015  6142  6183 V WindowManagerShell: All active transition animations finished
01-20 22:45:55.024  6142  6258 D WallpaperService: onVisibilityChanged(false): com.android.systemui.wallpapers.ImageWallpaper$CanvasEngine@c553a46
01-20 22:45:55.030  1172  1172 D NexusLauncherModelDelegate: notifySmartspaceEvent: SmartspaceTargetEvent{mSmartspaceTarget=null, mSmartspaceActionId='null', mEventType=7}
01-20 22:45:55.182  7615  7615 D nativeloader: Configuring clns-9 for other apk /data/app/~~5Gjd-a6AG9C8gdQGQNrESA==/com.subscription.poc-bmGtHb6l2tMgNOuO5o9BXg==/base.apk. target_sdk_version=35, uses_libraries=, library_path=/data/app/~~5Gjd-a6AG9C8gdQGQNrESA==/com.subscription.poc-bmGtHb6l2tMgNOuO5o9BXg==/lib/arm64:/data/app/~~5Gjd-a6AG9C8gdQGQNrESA==/com.subscription.poc-bmGtHb6l2tMgNOuO5o9BXg==/base.apk!/lib/arm64-v8a, permitted_path=/data:/mnt/expand:/data/user/0/com.subscription.poc
01-20 22:45:55.183  7615  7615 D CompatChangeReporter: Compat change id reported: 202956589; UID 10218; state: ENABLED
01-20 22:45:55.192  7615  7615 V GraphicsEnvironment: Currently set values for:
01-20 22:45:55.192  7615  7615 V GraphicsEnvironment:   angle_gl_driver_selection_pkgs=[]
01-20 22:45:55.192  7615  7615 V GraphicsEnvironment:   angle_gl_driver_selection_values=[]
01-20 22:45:55.192  7615  7615 V GraphicsEnvironment: com.subscription.poc is not listed in per-application setting
01-20 22:45:55.192  7615  7615 V GraphicsEnvironment: ANGLE allowlist from config: com.dreamgames.royalmatch com.dts.freefiremax com.dxx.firenow com.gramgames.mergedragons com.ludo.king com.mojang.minecraftpe com.my.defense com.nintendo.zaka com.os.airforce com.playrix.fishdomdd.gplay io.teslatech.callbreak jp.konami.prospia net.peakgames.toonblast
01-20 22:45:55.192  7615  7615 V GraphicsEnvironment: No special selections for ANGLE, returning default driver choice
01-20 22:45:55.192  7615  7615 V GraphicsEnvironment: Neither updatable production driver nor prerelease driver is supported.
01-20 22:45:55.204   695  1866 D CompatChangeReporter: Compat change id reported: 324203798; UID 10218; state: ENABLED
01-20 22:45:55.206   695   953 D BackgroundInstallControlService: Package event received: 0
01-20 22:45:55.207   695   953 D BackgroundInstallControlService: Package event received: 0
01-20 22:45:55.207  7615  7637 I DisplayManager: Choreographer implicitly registered for the refresh rate.
01-20 22:45:55.211  7615  7615 D DesktopExperienceFlags: Toggle override initialized to: false
01-20 22:45:55.214  7615  7615 E ashmem  : Pinning is deprecated since Android Q. Please use trim or other methods.
01-20 22:45:55.235   695   953 D BackgroundInstallControlService: Package event received: 0
01-20 22:45:55.235   695   953 D BackgroundInstallControlService: Package event received: 0
01-20 22:45:55.235   695   953 D BackgroundInstallControlService: Package event received: 0
01-20 22:45:55.235   695   953 D BackgroundInstallControlService: Package event received: 0
01-20 22:45:55.260  7615  7637 I GFXSTREAM: [eglDisplay.cpp(297)] Opening libGLESv1_CM_emulation.so
01-20 22:45:55.260  7615  7637 I GFXSTREAM: [eglDisplay.cpp(297)] Opening libGLESv2_emulation.so
01-20 22:45:55.262  7615  7637 W HWUI    : Failed to choose config with EGL_SWAP_BEHAVIOR_PRESERVED, retrying without...
01-20 22:45:55.262  7615  7637 W HWUI    : Failed to initialize 101010-2 format, error = EGL_SUCCESS
01-20 22:45:55.283  7615  7615 D CompatChangeReporter: Compat change id reported: 309578419; UID 10218; state: ENABLED
01-20 22:45:55.283  7615  7615 D DesktopModeFlags: Toggle override initialized to: OVERRIDE_UNSET
01-20 22:45:55.303  6142  6148 I ndroid.systemui: NativeAlloc concurrent mark compact GC freed 3952KB AllocSpace bytes, 0(0B) LOS objects, 49% free, 24MB/48MB, paused 764us,764us total 796.286ms
01-20 22:45:55.306  7615  7615 D CompatChangeReporter: Compat change id reported: 349153669; UID 10218; state: ENABLED
01-20 22:45:55.306  7615  7615 W HWUI    : Unknown dataspace 0
01-20 22:45:55.357  7615  7615 D VRI[MainActivity]: WindowInsets changed: 1080x2400 statusBars:[0,63,0,0] navigationBars:[0,0,0,63] mandatorySystemGestures:[0,63,0,84] 
01-20 22:45:55.358  7615  7615 D WindowOnBackDispatcher: setTopOnBackInvokedCallback (unwrapped): android.view.ViewRootImpl$$ExternalSyntheticLambda12@692662b
01-20 22:45:55.358   695   820 D CoreBackPreview: Window{9402662 u0 com.subscription.poc/com.subscription.poc.MainActivity}: Setting back callback OnBackInvokedCallbackInfo{mCallback=android.window.IOnBackInvokedCallback$Stub$Proxy@2fefdc8, mPriority=0, mIsAnimationCallback=false, mOverrideBehavior=0}
01-20 22:45:55.373  7615  7615 I HWUI    : Using FreeType backend (prop=Auto)
01-20 22:45:55.418   695   755 I ActivityTaskManager: Displayed com.subscription.poc/.MainActivity for user 0: +769ms
01-20 22:45:55.418  5038  6262 I Finsky  : [192] com.subscription.poc: Account from first account - [45LVyNqZQRJxJa0PQ7THO2YjtvQAVrOdN8ihUPIOOx4]
01-20 22:45:55.419  5038  6262 I Finsky  : [192] Billing preferred account via installer for com.subscription.poc: [45LVyNqZQRJxJa0PQ7THO2YjtvQAVrOdN8ihUPIOOx4]
01-20 22:45:55.425  5038  6262 I Finsky  : [192] com.subscription.poc: Account from first account - [45LVyNqZQRJxJa0PQ7THO2YjtvQAVrOdN8ihUPIOOx4]
01-20 22:45:55.425  5038  6262 I Finsky  : [192] Billing preferred account via installer for com.subscription.poc: [45LVyNqZQRJxJa0PQ7THO2YjtvQAVrOdN8ihUPIOOx4]
01-20 22:45:55.425  5038  6262 I Finsky  : [192] com.subscription.poc: Account from first account - [45LVyNqZQRJxJa0PQ7THO2YjtvQAVrOdN8ihUPIOOx4]
01-20 22:45:55.425  5038  6262 I Finsky  : [192] Billing preferred account via installer for com.subscription.poc: [45LVyNqZQRJxJa0PQ7THO2YjtvQAVrOdN8ihUPIOOx4]
01-20 22:45:55.425  5038  6262 I Finsky  : [192] com.subscription.poc: Account from first account - [45LVyNqZQRJxJa0PQ7THO2YjtvQAVrOdN8ihUPIOOx4]
01-20 22:45:55.425  5038  6262 I Finsky  : [192] Billing preferred account via installer for com.subscription.poc: [45LVyNqZQRJxJa0PQ7THO2YjtvQAVrOdN8ihUPIOOx4]
01-20 22:45:55.425  5038 10098 I Finsky  : [230] com.subscription.poc: Account from first account - [45LVyNqZQRJxJa0PQ7THO2YjtvQAVrOdN8ihUPIOOx4]
01-20 22:45:55.425  5038 10098 I Finsky  : [230] Billing preferred account via installer for com.subscription.poc: [45LVyNqZQRJxJa0PQ7THO2YjtvQAVrOdN8ihUPIOOx4]
01-20 22:45:55.426  5038 10098 I Finsky  : [230] com.subscription.poc: Account from first account - [45LVyNqZQRJxJa0PQ7THO2YjtvQAVrOdN8ihUPIOOx4]
01-20 22:45:55.426  5038 10098 I Finsky  : [230] Billing preferred account via installer for com.subscription.poc: [45LVyNqZQRJxJa0PQ7THO2YjtvQAVrOdN8ihUPIOOx4]
01-20 22:45:55.430  5038 10098 I Finsky  : [230] com.subscription.poc: Account from first account - [45LVyNqZQRJxJa0PQ7THO2YjtvQAVrOdN8ihUPIOOx4]
01-20 22:45:55.430  5038 10098 I Finsky  : [230] Billing preferred account via installer for com.subscription.poc: [45LVyNqZQRJxJa0PQ7THO2YjtvQAVrOdN8ihUPIOOx4]
01-20 22:45:55.431  5038  6262 I Finsky  : [192] com.subscription.poc: Account from first account - [45LVyNqZQRJxJa0PQ7THO2YjtvQAVrOdN8ihUPIOOx4]
01-20 22:45:55.431  5038  6262 I Finsky  : [192] Billing preferred account via installer for com.subscription.poc: [45LVyNqZQRJxJa0PQ7THO2YjtvQAVrOdN8ihUPIOOx4]
01-20 22:45:55.432  5038  5038 D WindowOnBackDispatcher: setTopOnBackInvokedCallback (unwrapped): android.app.Activity$$ExternalSyntheticLambda0@a724ddb
01-20 22:45:55.432   695   820 D CoreBackPreview: Window{f66b3c6 u0 com.android.vending/com.google.android.finsky.billing.acquire.LockToPortraitUiBuilderHostActivity}: Setting back callback OnBackInvokedCallbackInfo{mCallback=android.window.IOnBackInvokedCallback$Stub$Proxy@a29b85b, mPriority=-1, mIsAnimationCallback=false, mOverrideBehavior=0}
01-20 22:45:55.436  5038  5038 D WindowOnBackDispatcher: setTopOnBackInvokedCallback (unwrapped): null
01-20 22:45:55.437  1172  1172 D BaseActivity: Launcher flags updated: [] -[state_started]
01-20 22:45:55.437  1172  1172 D BaseDepthController: setSurface:
01-20 22:45:55.437  1172  1172 D BaseDepthController: 	mWaitingOnSurfaceValidity: false
01-20 22:45:55.437  1172  1172 D BaseDepthController: 	mBaseSurface: null
01-20 22:45:55.437  1172  1172 D BaseDepthController: mSurface is null and mCurrentBlur is: 0
01-20 22:45:55.438  1172  1172 D LauncherStateManager: StateManager.goToState: fromState: Normal, toState: Normal, partial trace:
01-20 22:45:55.438  1172  1172 D LauncherStateManager: 	at com.android.launcher3.statemanager.StateManager.moveToRestState(go/retraceme 7101499b44b219b757f6885b35ae099b24fc769225595efcaaacae5b0f94500b:6)
01-20 22:45:55.438  1172  1172 D LauncherStateManager: 	at com.android.launcher3.statemanager.StateManager.moveToRestState(go/retraceme 7101499b44b219b757f6885b35ae099b24fc769225595efcaaacae5b0f94500b:2)
01-20 22:45:55.438  1172  1172 D LauncherStateManager: 	at com.android.launcher3.statemanager.StatefulActivity.onStop(go/retraceme 7101499b44b219b757f6885b35ae099b24fc769225595efcaaacae5b0f94500b:32)
01-20 22:45:55.438  1172  1172 D LauncherStateManager: StateManager.onRepeatStateSetAborted: state: Normal
01-20 22:45:55.438  1172  1172 D ActivityContext: hideKeyboard
01-20 22:45:55.438  1172  1172 D ActivityContext: isImeShown: false
01-20 22:45:55.438  1172  1172 D StatsLog: LAUNCHER_ONSTOP
01-20 22:45:55.439  1172  1172 D StatsLog: LAUNCHER_GOOGLE_SEARCH_RESTORE_LIST_SIZE_AFTER_ACTIVITY_RESTART
01-20 22:45:55.441   695  2141 D CoreBackPreview: Window{f66b3c6 u0 com.android.vending/com.google.android.finsky.billing.acquire.LockToPortraitUiBuilderHostActivity}: Setting back callback null
01-20 22:45:55.442  5038  5038 D ViewRootImpl: Skipping stats log for color mode
01-20 22:45:55.450   695   862 I ImeTracker: com.subscription.poc:d31d3bc1: onRequestHide at ORIGIN_SERVER reason HIDE_UNSPECIFIED_WINDOW fromUser false
01-20 22:45:55.451  6142  6183 V ShellTaskOrganizer: Task vanished taskId=24
01-20 22:45:55.451  6142  6183 V ShellTaskOrganizer: Fullscreen Task Vanished: #24
01-20 22:45:55.452  6142  6183 D ShellDesktopMode: AppToWebRepository: Task 24 is vanishing. Removing task data from repository
01-20 22:45:55.452   695   953 D BackgroundInstallControlService: Package event received: 0
01-20 22:45:55.452  1172  1172 D b/417220811: invalidateLoadedTasks - previous requestLoadId: -1
01-20 22:45:55.452   695  1114 I ImeTracker: system_server:176b2a3c: onRequestHide at ORIGIN_SERVER reason IME_REQUESTED_CHANGED_LISTENER fromUser false
01-20 22:45:55.452  1370  1370 I GoogleInputMethodService: GoogleInputMethodService.onFinishInput():2092 
01-20 22:45:55.452  1370  1370 I Module  : DeviceLockedStatusModuleProvider$Module.updateDeviceLockedStatus():103 repeatCheckTimes = 0, locked = false
01-20 22:45:55.453  1370  1370 I GoogleInputMethodService: GoogleInputMethodService.onStartInput():1349 onStartInput(EditorInfo{EditorInfo{packageName=com.subscription.poc, inputType=0, inputTypeString=NULL, enableLearning=false, autoCorrection=false, autoComplete=false, imeOptions=0, privateImeOptions=null, actionName=UNSPECIFIED, actionLabel=null, initialSelStart=-1, initialSelEnd=-1, initialCapsMode=0, label=null, fieldId=0, fieldName=null, extras=null, hintText=null, hintLocales=[]}}, false)
01-20 22:45:55.453  1370  1370 I Module  : DeviceLockedStatusModuleProvider$Module.updateDeviceLockedStatus():103 repeatCheckTimes = 1, locked = false
01-20 22:45:55.454  1172  1172 D RecentsView: onTaskRemoved: 24, not handling task stack changes
01-20 22:45:55.455  1172  1172 D RecentsView: onTaskRemoved: 24, not handling task stack changes
01-20 22:45:55.455   695   953 D BackgroundInstallControlService: Package event received: 0
01-20 22:45:55.455   695   758 I ImeTracker: system_server:176b2a3c: onCancelled at PHASE_SERVER_SHOULD_HIDE
01-20 22:45:55.456   695  1114 W PackageConfigPersister: App-specific configuration not found for packageName: com.subscription.poc and userId: 0
01-20 22:45:55.457  7615  7615 D InsetsController: hide(ime())
01-20 22:45:55.457  7615  7615 I ImeTracker: com.subscription.poc:d31d3bc1: onCancelled at PHASE_CLIENT_ALREADY_HIDDEN
01-20 22:45:55.798   569   569 W libbinder.IPCThreadState: Sending oneway calls to frozen process.
01-20 22:45:55.799   569   569 W libbinder.IPCThreadState: Sending oneway calls to frozen process.
01-20 22:45:55.799   569   569 W libbinder.IPCThreadState: Sending oneway calls to frozen process.
01-20 22:45:55.800  6142  6196 D WindowOnBackDispatcher: setTopOnBackInvokedCallback (unwrapped): null
01-20 22:45:55.801   695  2141 D CoreBackPreview: Window{8869d52 u0 Splash Screen com.subscription.poc EXITING}: Setting back callback null
01-20 22:45:55.805  2356  2430 I FontLog : (REDACTED) Received query %s, URI %s
01-20 22:45:55.805  2356  2430 I FontLog : (REDACTED) Query [%s] resolved to %s
01-20 22:45:55.809  2356  2430 I FontLog : (REDACTED) Fetch %s end status %s
01-20 22:45:55.815  2356  2430 I FontLog : (REDACTED) Pulling font file for id = %d, cache size = %d
01-20 22:45:55.818  2356  2430 I FontLog : (REDACTED) Pulling font file for id = %d, cache size = %d
01-20 22:45:55.947  7615  7622 I ubscription.poc: Compiler allocated 5145KB to compile void android.view.ViewRootImpl.performTraversals()
01-20 22:45:56.003  5038  5094 D PaySecureElementClient: Felica app not found; returning isSecureElementAvailable = false!
01-20 22:45:56.006   695  2141 D BiometricService: canAuthenticate: User=0, Caller=0, Authenticators=15
01-20 22:45:56.007   695  2141 D BiometricService/PreAuthInfo: Package: com.android.vending Sensor ID: 0 Modality: 2 User id: 0 Status: 7
01-20 22:45:56.007   695  2141 D BiometricService/PreAuthInfo: getCanAuthenticateInternal Modality: 2 AuthenticatorStatus: 7
01-20 22:45:56.007   695  2141 D AuthService: canAuthenticate, userId: 0, callingUserId: 0, authenticators: 15, result: 11
01-20 22:45:56.007   695   820 D BiometricService: canAuthenticate: User=0, Caller=0, Authenticators=32768
01-20 22:45:56.007   695   820 D BiometricService/PreAuthInfo: getCanAuthenticateInternal Modality: 1 AuthenticatorStatus: 9
01-20 22:45:56.007   695   820 D AuthService: canAuthenticate, userId: 0, callingUserId: 0, authenticators: 32768, result: 11
01-20 22:45:56.007   695   820 D BiometricService: canAuthenticate: User=0, Caller=0, Authenticators=15
01-20 22:45:56.007   695   820 D BiometricService/PreAuthInfo: Package: com.android.vending Sensor ID: 0 Modality: 2 User id: 0 Status: 7
01-20 22:45:56.007   695   820 D BiometricService/PreAuthInfo: getCanAuthenticateInternal Modality: 2 AuthenticatorStatus: 7
01-20 22:45:56.007   695   820 D AuthService: canAuthenticate, userId: 0, callingUserId: 0, authenticators: 15, result: 11
01-20 22:45:56.008   695  2141 D BiometricService: canAuthenticate: User=0, Caller=0, Authenticators=15
01-20 22:45:56.008   695  2141 D BiometricService/PreAuthInfo: Package: com.android.vending Sensor ID: 0 Modality: 2 User id: 0 Status: 7
01-20 22:45:56.008   695  2141 D BiometricService/PreAuthInfo: getCanAuthenticateInternal Modality: 2 AuthenticatorStatus: 7
01-20 22:45:56.008   695  2141 D AuthService: canAuthenticate, userId: 0, callingUserId: 0, authenticators: 15, result: 11
01-20 22:45:56.010   695  2141 D BiometricService: canAuthenticate: User=0, Caller=0, Authenticators=15
01-20 22:45:56.010   695  2141 D BiometricService/PreAuthInfo: Package: com.android.vending Sensor ID: 0 Modality: 2 User id: 0 Status: 7
01-20 22:45:56.010   695  2141 D BiometricService/PreAuthInfo: getCanAuthenticateInternal Modality: 2 AuthenticatorStatus: 7
01-20 22:45:56.010   695  2141 D AuthService: canAuthenticate, userId: 0, callingUserId: 0, authenticators: 15, result: 11
01-20 22:45:56.396  5038  7598 I FA      : Application backgrounded at: timestamp_millis: 1768967154394
01-20 22:45:56.455   695   897 I HalDevMgr: bestIfaceCreationProposal is null, requestIface=STA, existingIface=[name=wlan0 type=STA]
01-20 22:45:56.893   695   764 W libbinder.IPCThreadState: Sending oneway calls to frozen process.
01-20 22:45:56.990   695   764 W libbinder.IPCThreadState: Sending oneway calls to frozen process.
01-20 22:45:57.206   475 14191 D android.hardware.audio@7.1-impl.ranchu: threadLoop: entering standby, frames: 975936
01-20 22:45:57.206   475 14191 D android.hardware.audio@7.1-impl.ranchu: ~TinyalsaSink: joining consumeThread
01-20 22:45:57.215   475  7589 D android.hardware.audio@7.1-impl.ranchu: consumeThread: exiting
01-20 22:45:57.215   475 14191 D android.hardware.audio@7.1-impl.ranchu: ~TinyalsaSink: stopping PCM stream
01-20 22:45:57.961   695   764 W libbinder.IPCThreadState: Sending oneway calls to frozen process.
01-20 22:45:58.665   695  1548 E TaskPersister: File error accessing recents directory (directory doesn't exist?).
01-20 22:45:59.461   695   897 I HalDevMgr: bestIfaceCreationProposal is null, requestIface=STA, existingIface=[name=wlan0 type=STA]
01-20 22:46:00.340  7615  7615 D BillingDiagnostic: Launching billing flow for product: premium_access, offer: ASivcibSPrhxRFIqdliyg479ggib7n6GBGA9vIHhitBvadIi6e+8LgKp5QKRHX36rBLVk8cEg1UKqpX9mY7+Ay4tv8lDNF8=
01-20 22:46:00.348   695   820 V WindowManager: DesktopModeLaunchParamsModifier: phase= 0 task=null activity=null display-area-from-source=DefaultTaskDisplayArea@14906022 display-id=0 task-display-area-windowing-mode=1 suggested-display-area=DefaultTaskDisplayArea@14906022 task null, skipping
01-20 22:46:00.348   695   820 V WindowManager: TaskLaunchParamsModifier:phase=0 task=null activity=null display-area-from-source=DefaultTaskDisplayArea@14906022 display-id=0 task-display-area-windowing-mode=1 suggested-display-area=DefaultTaskDisplayArea@14906022
01-20 22:46:00.349   695   820 V GrammaticalInflectionUtils: AttributionSource: android.content.AttributionSource@9197638e does not have READ_SYSTEM_GRAMMATICAL_GENDER permission.
01-20 22:46:00.355   695   820 V WindowManager: DesktopModeLaunchParamsModifier: phase= 0 task=null activity=ActivityRecord{39442321 u0 com.subscription.poc/com.android.billingclient.api.ProxyBillingActivity display-area-from-source=DefaultTaskDisplayArea@14906022 display-id=0 task-display-area-windowing-mode=1 suggested-display-area=DefaultTaskDisplayArea@14906022 task null, skipping
01-20 22:46:00.355   695   820 V WindowManager: TaskLaunchParamsModifier:phase=0 task=null activity=ActivityRecord{39442321 u0 com.subscription.poc/com.android.billingclient.api.ProxyBillingActivity t-1} display-area-from-source=DefaultTaskDisplayArea@14906022 display-id=0 task-display-area-windowing-mode=1 suggested-display-area=DefaultTaskDisplayArea@14906022
01-20 22:46:00.355   695   820 V WindowManager: DesktopModeLaunchParamsModifier: phase= 3 task=Task{bfb9ac6 #25 type=standard A=10218:com.subscription.poc} activity=ActivityRecord{39442321 u0 com.subscription.poc/com.android.billingclient.api.ProxyBillingActivity t-1} display-area-from-source=DefaultTaskDisplayArea@14906022 display-id=0 task-display-area-windowing-mode=1 suggested-display-area=DefaultTaskDisplayArea@14906022 not entering desktop mode, skipping
01-20 22:46:00.355   695   820 V WindowManager: TaskLaunchParamsModifier:phase=3 task=Task{bfb9ac6 #25 type=standard A=10218:com.subscription.poc} activity=ActivityRecord{39442321 u0 com.subscription.poc/com.android.billingclient.api.ProxyBillingActivity t-1} display-area-from-source=DefaultTaskDisplayArea@14906022 display-id=0 task-display-area-windowing-mode=1 suggested-display-area=DefaultTaskDisplayArea@14906022 inherit-from-source=fullscreen non-freeform-task-display-area display-area=DefaultTaskDisplayArea@14906022 skip-bounds-fullscreen
01-20 22:46:00.356   695   820 V WindowManager: DesktopModeLaunchParamsModifier: phase= 3 task=Task{bfb9ac6 #25 type=standard A=10218:com.subscription.poc} activity=ActivityRecord{39442321 u0 com.subscription.poc/com.android.billingclient.api.ProxyBillingActivity t-1} display-area-from-source=DefaultTaskDisplayArea@14906022 display-id=0 task-display-area-windowing-mode=1 suggested-display-area=DefaultTaskDisplayArea@14906022 not entering desktop mode, skipping
01-20 22:46:00.356   695   820 V WindowManager: TaskLaunchParamsModifier:phase=3 task=Task{bfb9ac6 #25 type=standard A=10218:com.subscription.poc} activity=ActivityRecord{39442321 u0 com.subscription.poc/com.android.billingclient.api.ProxyBillingActivity t-1} display-area-from-source=DefaultTaskDisplayArea@14906022 display-id=0 task-display-area-windowing-mode=1 suggested-display-area=DefaultTaskDisplayArea@14906022 inherit-from-source=fullscreen non-freeform-task-display-area display-area=DefaultTaskDisplayArea@14906022 skip-bounds-fullscreen
01-20 22:46:00.356   695   820 V WindowManager: DesktopModeLaunchParamsModifier: phase= 3 task=Task{bfb9ac6 #25 type=standard A=10218:com.subscription.poc} activity=ActivityRecord{39442321 u0 com.subscription.poc/com.android.billingclient.api.ProxyBillingActivity t-1} display-area-from-source=DefaultTaskDisplayArea@14906022 display-id=0 task-display-area-windowing-mode=1 suggested-display-area=DefaultTaskDisplayArea@14906022 not entering desktop mode, skipping
01-20 22:46:00.356   695   820 V WindowManager: TaskLaunchParamsModifier:phase=3 task=Task{bfb9ac6 #25 type=standard A=10218:com.subscription.poc} activity=ActivityRecord{39442321 u0 com.subscription.poc/com.android.billingclient.api.ProxyBillingActivity t-1} display-area-from-source=DefaultTaskDisplayArea@14906022 display-id=0 task-display-area-windowing-mode=1 suggested-display-area=DefaultTaskDisplayArea@14906022 inherit-from-source=fullscreen non-freeform-task-display-area display-area=DefaultTaskDisplayArea@14906022 skip-bounds-fullscreen
01-20 22:46:00.359   695   820 I ActivityTaskManager: START u0 {xflg=0x4 cmp=com.subscription.poc/com.android.billingclient.api.ProxyBillingActivity (has extras)} with LAUNCH_MULTIPLE from uid 10218 (com.subscription.poc) (sr=131501739) (BAL_ALLOW_VISIBLE_WINDOW) result code=0
01-20 22:46:00.360  6142  6183 V WindowManagerShell: Transition requested (#27): android.os.BinderProxy@4dc408a TransitionRequestInfo { type = OPEN, triggerTask = TaskInfo{userId=0 taskId=25 effectiveUid=10218 displayId=0 isRunning=true baseIntent=Intent { act=android.intent.action.MAIN cat=[android.intent.category.LAUNCHER] flg=0x10200000 cmp=com.subscription.poc/.MainActivity } baseActivity=ComponentInfo{com.subscription.poc/com.subscription.poc.MainActivity} topActivity=ComponentInfo{com.subscription.poc/com.android.billingclient.api.ProxyBillingActivity} origActivity=null realActivity=ComponentInfo{com.subscription.poc/com.subscription.poc.MainActivity} numActivities=2 lastActiveTime=153351473 supportsMultiWindow=true resizeMode=1 isResizeable=true minWidth=-1 minHeight=-1 defaultMinSize=220 token=WCT{android.os.BinderProxy@e416135} topActivityType=1 pictureInPictureParams=null shouldDockBigOverlays=false launchIntoPipHostTaskId=-1 lastParentTaskIdBeforePip=-1 displayCutoutSafeInsets=Rect(0, 0 - 0, 0) topActivityInfo=ActivityInfo{22db6fb com.android.billingclient.api.ProxyBillingActivity} launchCookies=[] positionInParent=Point(0, 0) parentTaskId=-1 isFocused=true isVisible=true isVisibleRequested=true isTopActivityNoDisplay=false isSleeping=false locusId=null displayAreaFeatureId=1 isTopActivityTransparent=true isActivityStackTransparent=false lastNonFullscreenBounds=null capturedLink=null capturedLinkTimestamp=0 requestedVisibleTypes=503 topActivityRequestOpenInBrowserEducationTimestamp=0 appCompatTaskInfo=AppCompatTaskInfo { topActivityInSizeCompat=false isLeafTask= true eligibleForLetterboxEducation= false isLetterboxEducationEnabled= true isLetterboxDoubleTapEnabled= false eligibleForUserAspectRatioButton= false topActivityBoundsLetterboxed= false isFromLetterboxDoubleTap= false topActivityLetterboxVerticalPosition= -1 topActivityLetterboxHorizontalPosition= -1 topActivityLetterboxWidth=-1 topActivityLetterboxHeight=-1 topActivityAppBounds=Rect(0, 0 - 1080, 2400) isUserFullscreenOverrideEnabled=false isSystemFullscreenOverrideEnabled=false hasMinAspectRatioOverride=false topActivityLetterboxBounds=null cameraCompatTaskInfo=CameraCompatTaskInfo { cameraCompatMode=inactive0} topNonResizableActivityAspectRatio=-1.0} topActivityMainWindowFrame=null isAppBubble=false}, pipChange = null, remoteTransition = null, displayChange = null, requestedLocation = null, userChange = null, windowingLayerChange = null, flags = 0, debugId = 27 }
01-20 22:46:00.368  6142  6183 D ShellSplitScreen: logExit: no-op, mLoggerSessionId is null
01-20 22:46:00.387   542   609 I libbinder.BpBinder: onLastStrongRef automatically unlinking death recipients for descriptor: '(not cached)'
